#-----------------------------------------------------------
# Vivado v2018.3 (64-bit)
# SW Build 2405991 on Thu Dec  6 23:38:27 MST 2018
# IP Build 2404404 on Fri Dec  7 01:43:56 MST 2018
# Start of session at: Sun Aug 22 16:56:58 2021
# Process ID: 31948
# Current directory: C:/Users/silvi/Documents/Projetos/grayscale-accel-pipe/Vivado Project
# Command line: vivado.exe -gui_launcher_event rodinguilauncherevent24828 C:\Users\silvi\Documents\Projetos\grayscale-accel-pipe\Vivado Project\GrayScale.xpr
# Log file: C:/Users/silvi/Documents/Projetos/grayscale-accel-pipe/Vivado Project/vivado.log
# Journal file: C:/Users/silvi/Documents/Projetos/grayscale-accel-pipe/Vivado Project\vivado.jou
#-----------------------------------------------------------
start_gui
open_project {C:/Users/silvi/Documents/Projetos/grayscale-accel-pipe/Vivado Project/GrayScale.xpr}
update_compile_order -fileset sources_1
open_bd_design {C:/Users/silvi/Documents/Projetos/grayscale-accel-pipe/Vivado Project/GrayScale.srcs/sources_1/bd/design_1/design_1.bd}
ipx::edit_ip_in_project -upgrade true -name GrayScale_Accel_pipe_v2_0_project -directory {C:/Users/silvi/Documents/Projetos/grayscale-accel-pipe/Vivado\ Project/GrayScale.tmp/GrayScale_Accel_pipe_v2_0_project} c:/Users/silvi/Documents/Projetos/grayscale-accel-pipe/ip_repo/GrayScale_Accel_pipe_2.0/component.xml
update_compile_order -fileset sources_1
close_project
